hq_1|/home/work_nfs14/dkguo/TTS_Testset/lm/promptset/hq_set/mels/DB_TTS_0412_000185.npy
hq_2|/home/work_nfs14/dkguo/TTS_Testset/lm/promptset/hq_set/mels/DB_TTS_0412_000183.npy
hq_3|/home/work_nfs14/dkguo/TTS_Testset/lm/promptset/hq_set/mels/DB_TTS_0412_000206.npy
hq_4|/home/work_nfs14/dkguo/TTS_Testset/lm/promptset/hq_set/mels/DB_TTS_0412_100800.npy
hq_5|/home/work_nfs14/dkguo/TTS_Testset/lm/promptset/hq_set/mels/DB_TTS_0412_100812.npy
hq_6|/home/work_nfs14/dkguo/TTS_Testset/lm/promptset/hq_set/mels/DB_TTS_0412_100841.npy
hq_7|/home/work_nfs14/dkguo/TTS_Testset/lm/promptset/hq_set/mels/niren-03-0317196.npy
hq_8|/home/work_nfs14/dkguo/TTS_Testset/lm/promptset/hq_set/mels/niren-03-0315132.npy
hq_9|/home/work_nfs14/dkguo/TTS_Testset/lm/promptset/hq_set/mels/niren-03-F0312011471.npy
hq_10|/home/work_nfs14/dkguo/TTS_Testset/lm/promptset/hq_set/mels/niren-03-F0312003105.npy
hq_11|/home/work_nfs14/dkguo/TTS_Testset/lm/promptset/hq_set/mels/niren-10-1007166046.npy
hq_12|/home/work_nfs14/dkguo/TTS_Testset/lm/promptset/hq_set/mels/niren-10-1010250010.npy
hq_13|/home/work_nfs14/dkguo/TTS_Testset/lm/promptset/hq_set/mels/03110202.npy
hq_14|/home/work_nfs14/dkguo/TTS_Testset/lm/promptset/hq_set/mels/03110201.npy
hq_15|/home/work_nfs14/dkguo/TTS_Testset/lm/promptset/hq_set/mels/11070101.npy
hq_16|/home/work_nfs14/dkguo/TTS_Testset/lm/promptset/hq_set/mels/11070102.npy
hq_17|/home/work_nfs14/dkguo/TTS_Testset/lm/promptset/hq_set/mels/11070403.npy
hq_18|/home/work_nfs14/dkguo/TTS_Testset/lm/promptset/hq_set/mels/huawei_38-31_F-3105005004.npy
hq_19|/home/work_nfs14/dkguo/TTS_Testset/lm/promptset/hq_set/mels/huawei_38-31_F-3104003011.npy
hq_20|/home/work_nfs14/dkguo/TTS_Testset/lm/promptset/hq_set/mels/huawei_38-31_F-3104002010.npy
hq_21|/home/work_nfs14/dkguo/TTS_Testset/lm/promptset/hq_set/mels/huawei_38-07_M-0704002004.npy
hq_22|/home/work_nfs14/dkguo/TTS_Testset/lm/promptset/hq_set/mels/huawei_38-07_M-0703001006.npy
hq_23|/home/work_nfs14/dkguo/TTS_Testset/lm/promptset/hq_set/mels/huawei_38-07_M-0702022005.npy
